src/components/agreements/AgreementList.tsx(25,63): error TS2345: Argument of type 'string | undefined' is not assignable to parameter of type '{ country?: string | undefined; type?: string | undefined; } | undefined'.
  Type 'string' has no properties in common with type '{ country?: string | undefined; type?: string | undefined; }'.
